RAM Allocation [bytes]
Variable                                                                          Address   Size
------------------------------------------------------------------------------------------------
glcd_state                                                                        0x075F      29
header_buffer                                                                     0x077C     100
ip_address_buffer                                                                 0x07E0      16
phone_number                                                                      0x07F0      16
ks0108_coord                                                                      0x0800       3
p_S1040026000                                                                     0x0803       2
_seed                                                                             0x0805       4

EEPROM Allocation [bytes]
Variable                                                                          Address   Size
------------------------------------------------------------------------------------------------

Register Allocation
Variable                                                                          Register  Size
------------------------------------------------------------------------------------------------

FLASH Allocation [words]
Function                                                                          Address   Size
------------------------------------------------------------------------------------------------
draw_bitmap                                                                       0x01242     63
send_at_command                                                                   0x01281     15
read_serial_response                                                              0x01290     65
init_sms                                                                          0x012D1     35
init_GPRS                                                                         0x012F4    106
check_and_activate_GPRS                                                           0x0135E     36
send_json_post                                                                    0x01382    214
get_key                                                                           0x01458     74
activate_motor                                                                    0x014A2     82
main                                                                              0x014F4    323
ks0108_enable_G100                                                                0x01637      8
ks0108_disable_G100                                                               0x0163F     12
ks0108_rdbus_G100                                                                 0x0164B     11
ks0108_busy_G100                                                                  0x01656     37
ks0108_wrcmd_G100                                                                 0x0167B      8
ks0108_setloc_G100                                                                0x01683     18
ks0108_gotoxp_G100                                                                0x01695     15
ks0108_nextx_G100                                                                 0x016A4     21
ks0108_wrdata_G100                                                                0x016B9     13
ks0108_rddata_G100                                                                0x016C6     10
ks0108_rdbyte_G100                                                                0x016D0     11
glcd_init                                                                         0x016DB    129
glcd_clear                                                                        0x0175C     38
glcd_putpixel                                                                     0x01782     36
ks0108_wrmasked_G100                                                              0x017A6     59
glcd_block                                                                        0x017E1    475
glcd_clipx                                                                        0x019BC     21
glcd_clipy                                                                        0x019D1     21
glcd_setpixel                                                                     0x019E6     10
glcd_getcharw_G101                                                                0x019F0    111
glcd_new_line_G101                                                                0x01A5F     20
glcd_putchar                                                                      0x01A73    108
glcd_outtextxy                                                                    0x01ADF     21
glcd_moveto                                                                       0x01AF4     13
getchar                                                                           0x01B01      4
putchar                                                                           0x01B05      7
gets                                                                              0x01B0C     47
put_usart_G103                                                                    0x01B3B     10
put_buff_G103                                                                     0x01B45     58
_print_G103                                                                       0x01B7F    308
sprintf                                                                           0x01CB3     46
printf                                                                            0x01CE1     31
get_buff_G103                                                                     0x01D00     41
_scanf_G103                                                                       0x01D29    320
sscanf                                                                            0x01E69     37
memset                                                                            0x01E8E     16
strcpy                                                                            0x01E9E     13
strlen                                                                            0x01EAB     12
strlenf                                                                           0x01EB7     13
strpbrkf                                                                          0x01EC4     23
strstr                                                                            0x01EDB     23
strspnf                                                                           0x01EF2     20
strtok                                                                            0x01F06     68
glcd_getmask                                                                      0x01F4A     11
glcd_mappixcolor1bit                                                              0x01F55     40
glcd_readmem                                                                      0x01F7D     31
glcd_writemem                                                                     0x01F9C     31
isdigit                                                                           0x01FBB      9
isspace                                                                           0x01FC4     11
isxdigit                                                                          0x01FCF     15
