RAM Allocation [bytes]
Variable                                                                          Address   Size
------------------------------------------------------------------------------------------------
glcd_state                                                                        0x0792      29
header_buffer                                                                     0x07AF     100
ip_address_buffer                                                                 0x0813      16
phone_number                                                                      0x0823      16
ks0108_coord                                                                      0x0833       3
p_S1040026000                                                                     0x0836       2
_seed                                                                             0x0838       4

EEPROM Allocation [bytes]
Variable                                                                          Address   Size
------------------------------------------------------------------------------------------------

Register Allocation
Variable                                                                          Register  Size
------------------------------------------------------------------------------------------------

FLASH Allocation [words]
Function                                                                          Address   Size
------------------------------------------------------------------------------------------------
draw_bitmap                                                                       0x0126A     63
send_at_command                                                                   0x012A9     15
read_serial_response                                                              0x012B8     65
init_sms                                                                          0x012F9     34
init_GPRS                                                                         0x0131B    109
active_GPRS                                                                       0x01388     23
check_and_activate_GPRS                                                           0x0139F     36
send_json_post                                                                    0x013C3    218
get_key                                                                           0x0149D     74
activate_motor                                                                    0x014E7     96
main                                                                              0x01547    316
ks0108_enable_G100                                                                0x01683      8
ks0108_disable_G100                                                               0x0168B     12
ks0108_rdbus_G100                                                                 0x01697     11
ks0108_busy_G100                                                                  0x016A2     37
ks0108_wrcmd_G100                                                                 0x016C7      8
ks0108_setloc_G100                                                                0x016CF     18
ks0108_gotoxp_G100                                                                0x016E1     15
ks0108_nextx_G100                                                                 0x016F0     21
ks0108_wrdata_G100                                                                0x01705     13
ks0108_rddata_G100                                                                0x01712     10
ks0108_rdbyte_G100                                                                0x0171C     11
glcd_init                                                                         0x01727    129
glcd_clear                                                                        0x017A8     38
glcd_putpixel                                                                     0x017CE     36
ks0108_wrmasked_G100                                                              0x017F2     59
glcd_block                                                                        0x0182D    475
glcd_clipx                                                                        0x01A08     21
glcd_clipy                                                                        0x01A1D     21
glcd_setpixel                                                                     0x01A32     10
glcd_getcharw_G101                                                                0x01A3C    111
glcd_new_line_G101                                                                0x01AAB     20
glcd_putchar                                                                      0x01ABF    108
glcd_outtextxy                                                                    0x01B2B     21
glcd_moveto                                                                       0x01B40     13
getchar                                                                           0x01B4D      4
putchar                                                                           0x01B51      7
gets                                                                              0x01B58     47
put_usart_G103                                                                    0x01B87     10
put_buff_G103                                                                     0x01B91     58
_print_G103                                                                       0x01BCB    308
sprintf                                                                           0x01CFF     46
printf                                                                            0x01D2D     31
get_buff_G103                                                                     0x01D4C     41
_scanf_G103                                                                       0x01D75    320
sscanf                                                                            0x01EB5     37
memset                                                                            0x01EDA     16
strcpy                                                                            0x01EEA     13
strlen                                                                            0x01EF7     12
strlenf                                                                           0x01F03     13
strpbrkf                                                                          0x01F10     23
strstr                                                                            0x01F27     23
strspnf                                                                           0x01F3E     20
strtok                                                                            0x01F52     68
glcd_getmask                                                                      0x01F96     11
glcd_mappixcolor1bit                                                              0x01FA1     40
glcd_readmem                                                                      0x01FC9     31
glcd_writemem                                                                     0x01FE8     31
isdigit                                                                           0x02007      9
isspace                                                                           0x02010     11
isxdigit                                                                          0x0201B     15
