RAM Allocation [bytes]
Variable                                                                          Address   Size
------------------------------------------------------------------------------------------------
glcd_state                                                                        0x075A      29
ip_address_buffer                                                                 0x0777      16
ks0108_coord                                                                      0x0787       3
p_S1040026000                                                                     0x078A       2
_seed                                                                             0x078C       4

EEPROM Allocation [bytes]
Variable                                                                          Address   Size
------------------------------------------------------------------------------------------------

Register Allocation
Variable                                                                          Register  Size
------------------------------------------------------------------------------------------------

FLASH Allocation [words]
Function                                                                          Address   Size
------------------------------------------------------------------------------------------------
send_at_command                                                                   0x0037C     15
read_serial_response                                                              0x0038B     67
send_json_post                                                                    0x003CE    260
init_sms                                                                          0x004D2     31
init_GPRS                                                                         0x004F1    121
main                                                                              0x0056A    147
ks0108_enable_G100                                                                0x005FD      8
ks0108_disable_G100                                                               0x00605     12
ks0108_rdbus_G100                                                                 0x00611     11
ks0108_busy_G100                                                                  0x0061C     37
ks0108_wrcmd_G100                                                                 0x00641      8
ks0108_setloc_G100                                                                0x00649     18
ks0108_gotoxp_G100                                                                0x0065B     15
ks0108_nextx_G100                                                                 0x0066A     21
ks0108_wrdata_G100                                                                0x0067F     13
ks0108_rddata_G100                                                                0x0068C     10
ks0108_rdbyte_G100                                                                0x00696     11
glcd_init                                                                         0x006A1    129
glcd_clear                                                                        0x00722     38
ks0108_wrmasked_G100                                                              0x00748     59
glcd_block                                                                        0x00783    477
glcd_clipx                                                                        0x00960     21
glcd_clipy                                                                        0x00975     21
glcd_getcharw_G101                                                                0x0098A    111
glcd_new_line_G101                                                                0x009F9     20
glcd_putchar                                                                      0x00A0D     98
glcd_outtextxy                                                                    0x00A6F     21
glcd_moveto                                                                       0x00A84     13
getchar                                                                           0x00A91      4
putchar                                                                           0x00A95      7
put_usart_G103                                                                    0x00A9C     10
put_buff_G103                                                                     0x00AA6     57
_print_G103                                                                       0x00ADF    308
sprintf                                                                           0x00C13     46
printf                                                                            0x00C41     31
memset                                                                            0x00C60     16
strcpy                                                                            0x00C70     13
strlen                                                                            0x00C7D     12
strlenf                                                                           0x00C89     13
strpbrkf                                                                          0x00C96     23
strstr                                                                            0x00CAD     23
strspnf                                                                           0x00CC4     20
strtok                                                                            0x00CD8     68
glcd_getmask                                                                      0x00D1C     11
glcd_mappixcolor1bit                                                              0x00D27     40
glcd_readmem                                                                      0x00D4F     31
glcd_writemem                                                                     0x00D6E     31
